input\chair\model\C001.nif
input\chair\model\C003.nif
input\chair\model\C004.nif
input\chair\model\C005.nif
input\chair\model\C006.nif
input\chair\model\C007.nif
input\chair\model\C008.nif
input\chair\model\C009.nif
input\chair\model\C011.nif
input\chair\model\C012.nif
input\chair\model\C013.nif
input\chair\model\C014.nif
input\chair\model\C015.nif
input\chair\model\C016.nif
input\chair\model\C017.nif
input\chair\model\C018.nif
input\chair\model\C019.nif
input\chair\model\C020.nif
input\chair\model\C021.nif
input\chair\model\C022.nif
input\chair\model\C023.nif
input\chair\model\C024.nif
input\chair\model\C025.nif
input\chair\model\C026.nif
input\chair\model\C027.nif
input\chair\model\C028.nif
input\chair\model\C029.nif
input\chair\model\C030.nif
input\chair\model\C031.nif
input\chair\model\C032.nif
input\chair\model\C033.nif
input\chair\model\C034.nif
input\chair\model\C035.nif
input\chair\model\C036.nif
input\chair\model\C037.nif
input\chair\model\C038.nif
input\chair\model\C039.nif
input\chair\model\C040.nif
input\chair\model\C041.nif
input\chair\model\C042.nif
input\chair\model\C043.nif
input\chair\model\C044.nif
input\chair\model\C045.nif
input\chair\model\C046.nif
input\chair\model\C047.nif
input\chair\model\C048.nif
input\chair\model\C049.nif
input\chair\model\C050.nif
input\chair\model\C051.nif
input\chair\model\C052.nif
input\chair\model\C053.nif
input\chair\model\C055.nif
input\chair\model\C056.nif
input\chair\model\C057.nif
input\chair\model\C058.nif
input\chair\model\C059.nif
input\chair\model\C060.nif
input\chair\model\C061.nif
input\chair\model\C062.nif
input\chair\model\C063.nif
input\chair\model\C064.nif
input\chair\model\C065.nif
input\chair\model\C067.nif
input\chair\model\C068.nif
input\chair\model\C069.nif
input\chair\model\C070.nif
input\chair\model\C071.nif
input\chair\model\C072.nif
input\chair\model\C073.nif
input\chair\model\C074.nif
input\chair\model\C075.nif
input\chair\model\C401.nif
input\chair\model\C402.nif
input\chair\model\C403.nif
input\chair\model\C404.nif
input\chair\model\C405.nif
input\chair\model\C406.nif
input\chair\model\C407.nif
input\chair\model\C408.nif
input\chair\model\C409.nif
input\chair\model\C501.nif
input\chair\model\C601.nif
input\chair\model\C602.nif
input\chair\model\C603.nif
input\chair\model\C604.nif
input\chair\model\C605.nif
input\chair\model\C606.nif
input\chair\model\C607.nif
input\chair\model\C608.nif
input\chair\model\C609.nif
input\chair\model\C610.nif
input\chair\model\C611.nif
input\chair\model\C612.nif
input\chair\model\C613.nif
input\chair\model\C614.nif
input\chair\model\C615.nif
input\chair\model\C616.nif
input\chair\model\C617.nif
input\chair\model\C618.nif
input\chair\model\C619.nif
input\chair\model\C620.nif
input\chair\model\C621.nif
input\chair\model\C622.nif
input\chair\model\C623.nif
input\chair\model\C624.nif
input\chair\model\C625.nif
input\chair\model\C626.nif
input\chair\model\C627.nif
input\chair\model\C697.nif
input\chair\model\C698.nif
input\chair\model\C699.nif
input\char\model\B2A02.nif
input\char\model\B2A15.nif
input\char\model\X6AQ9.nif
input\effect\model\S13103.nif
input\effect\model\S14141.nif
input\elf\model\X1001.nif
input\elf\model\X1002.nif
input\elf\model\X1003.nif
input\elf\model\X1004.nif
input\elf\model\X1005.nif
input\elf\model\X1006.nif
input\elf\model\X1007.nif
input\elf\model\X1009.nif
input\elf\model\X1010.nif
input\elf\model\X1014.nif
input\elf\model\X1016.nif
input\elf\model\X1017.nif
input\elf\model\X1018.nif
input\elf\model\X1051.nif
input\elf\model\X1052.nif
input\elf\model\X1053.nif
input\elf\model\X1054.nif
input\elf\model\X1055.nif
input\elf\model\X1056.nif
input\elf\model\X1057.nif
input\elf\model\X1058.nif
input\elf\model\X1059.nif
input\elf\model\X1060.nif
input\elf\model\X1061.nif
input\elf\model\X1062.nif
input\elf\model\X1063.nif
input\elf\model\X1064.nif
input\elf\model\X1065.nif
input\elf\model\X1066.nif
input\elf\model\X1067.nif
input\elf\model\X1068.nif
input\elf\model\X1069.nif
input\elf\model\X1070.nif
input\elf\model\X1071.nif
input\elf\model\X1072.nif
input\elf\model\X1073.nif
input\elf\model\X1074.nif
input\elf\model\X1075.nif
input\elf\model\X1076.nif
input\elf\model\X1077.nif
input\elf\model\X1081.nif
input\elf\model\X1082.nif
input\elf\model\X1084.nif
input\elf\model\X1085.nif
input\elf\model\X1086.nif
input\elf\model\X1087.nif
input\elf\model\X1088.nif
input\elf\model\X1089.nif
input\elf\model\X1090.nif
input\elf\model\X1091.nif
input\elf\model\X1092.nif
input\elf\model\X1093.nif
input\elf\model\X1094.nif
input\elf\model\X1095.nif
input\elf\model\X1096.nif
input\elf\model\X1097.nif
input\elf\model\X1098.nif
input\elf\model\X1099.nif
input\elf\model\X1151.nif
input\elf\model\X1152.nif
input\elf\model\X1153.nif
input\elf\model\X1154.nif
input\elf\model\X1155.nif
input\elf\model\X1156.nif
input\elf\model\X1157.nif
input\elf\model\X1158.nif
input\elf\model\X1159.nif
input\elf\model\X1160.nif
input\elf\model\X1162.nif
input\elf\model\X1163.nif
input\elf\model\X1164.nif
input\elf\model\X1165.nif
input\elf\model\X1166.nif
input\elf\model\X1167.nif
input\elf\model\X1168.nif
input\elf\model\X1169.nif
input\elf\model\X1170.nif
input\elf\model\X1171.nif
input\elf\model\X1172.nif
input\elf\model\X1173.nif
input\elf\model\X1174.nif
input\elf\model\X1175.nif
input\elf\model\X1176.nif
input\elf\model\X1177.nif
input\elf\model\X1178.nif
input\elf\model\X1179.nif
input\elf\model\X1180.nif
input\elf\model\X1181.nif
input\elf\model\X1183.nif
input\elf\model\X1184.nif
input\elf\model\X1185.nif
input\elf\model\X1186.nif
input\elf\model\X1187.nif
input\elf\model\X1188.nif
input\elf\model\X1189.nif
input\elf\model\X1190.nif
input\elf\model\X1191.nif
input\elf\model\X1192.nif
input\elf\model\X1193.nif
input\elf\model\X1194.nif
input\elf\model\X1195.nif
input\elf\model\X1196.nif
input\elf\model\X1197.nif
input\elf\model\X1198.nif
input\elf\model\X1199.nif
input\elf\model\X1201.nif
input\elf\model\X1251.nif
input\elf\model\X1252.nif
input\elf\model\X1253.nif
input\elf\model\X1254.nif
input\elf\model\X1255.nif
input\elf\model\X1256.nif
input\elf\model\X1258.nif
input\elf\model\X1259.nif
input\elf\model\X1260.nif
input\elf\model\X1261.nif
input\elf\model\X1262.nif
input\elf\model\X1263.nif
input\elf\model\X1264.nif
input\elf\model\X1265.nif
input\elf\model\X1266.nif
input\elf\model\X1267.nif
input\elf\model\X1268.nif
input\elf\model\X1269.nif
input\elf\model\X1270.nif
input\elf\model\X1271.nif
input\elf\model\X1272.nif
input\elf\model\X1273.nif
input\elf\model\X1274.nif
input\elf\model\X1275.nif
input\elf\model\X1276.nif
input\elf\model\X1277.nif
input\elf\model\X1278.nif
input\elf\model\X1279.nif
input\elf\model\X1281.nif
input\elf\model\X1282.nif
input\elf\model\X1283.nif
input\elf\model\X1284.nif
input\elf\model\X1287.nif
input\elf\model\X1288.nif
input\elf\model\X1293.nif
input\elf\model\X1294.nif
input\elf\model\X1295.nif
input\elf\model\X1296.nif
input\elf\model\X1297.nif
input\elf\model\X1298.nif
input\elf\model\X1299.nif
input\elf\model\X1351.nif
input\elf\model\X1352.nif
input\elf\model\X1353.nif
input\elf\model\X1354.nif
input\elf\model\X1355.nif
input\elf\model\X1357.nif
input\elf\model\X1358.nif
input\elf\model\X1359.nif
input\elf\model\X1363.nif
input\elf\model\X1364.nif
input\item\model\G00001.nif
input\item\model\G00002.nif
input\item\model\G00003.nif
input\item\model\G00004.nif
input\item\model\G00005.nif
input\item\model\G00006.nif
input\item\model\G00007.nif
input\item\model\G00008.nif
input\item\model\G00009.nif
input\item\model\G00010.nif
input\item\model\W101.nif
input\item\model\W102.nif
input\item\model\W103.nif
input\item\model\W104.nif
input\item\model\W105.nif
input\item\model\W106.nif
input\item\model\W107.nif
input\item\model\W108.nif
input\item\model\W109.nif
input\item\model\W110.nif
input\item\model\W111.nif
input\item\model\W112.nif
input\item\model\W113.nif
input\item\model\W114.nif
input\item\model\W115.nif
input\item\model\W116.nif
input\item\model\W117.nif
input\item\model\W118.nif
input\item\model\W119.nif
input\item\model\W120.nif
input\item\model\W121.nif
input\item\model\W122.nif
input\item\model\W123.nif
input\item\model\W124.nif
input\item\model\W125.nif
input\item\model\W126.nif
input\item\model\W127.nif
input\item\model\W128.nif
input\item\model\W129.nif
input\item\model\W130.nif
input\item\model\W131.nif
input\item\model\W132.nif
input\item\model\W133.nif
input\item\model\W134.nif
input\item\model\W135.nif
input\item\model\W136.nif
input\item\model\W137.nif
input\item\model\W138.nif
input\item\model\W139.nif
input\item\model\W140.nif
input\item\model\W141.nif
input\item\model\W142.nif
input\item\model\W143.nif
input\item\model\W144.nif
input\item\model\W145.nif
input\item\model\W146.nif
input\item\model\W147.nif
input\item\model\W148.nif
input\item\model\W149.nif
input\item\model\W150.nif
input\item\model\W151.nif
input\item\model\W152.nif
input\item\model\W153.nif
input\item\model\W154.nif
input\item\model\W155.nif
input\item\model\W156.nif
input\item\model\W157.nif
input\item\model\W158.nif
input\item\model\W159.nif
input\item\model\W160.nif
input\item\model\W161.nif
input\item\model\W162.nif
input\item\model\W163.nif
input\item\model\W164.nif
input\item\model\W165.nif
input\item\model\W166.nif
input\item\model\W167.nif
input\item\model\W168.nif
input\item\model\W169.nif
input\item\model\W170.nif
input\item\model\W171.nif
input\item\model\W172.nif
input\item\model\W173.nif
input\item\model\W174.nif
input\item\model\W175.nif
input\item\model\W176.nif
input\item\model\W177.nif
input\item\model\W178.nif
input\item\model\W179.nif
input\item\model\W180.nif
input\item\model\W181.nif
input\item\model\W182.nif
input\item\model\W183.nif
input\item\model\W184.nif
input\item\model\W185.nif
input\item\model\W186.nif
input\item\model\W187.nif
input\item\model\W188.nif
input\item\model\W189.nif
input\item\model\W190.nif
input\item\model\W191.nif
input\item\model\W192.nif
input\item\model\W193.nif
input\item\model\W194.nif
input\item\model\W195.nif
input\item\model\W196.nif
input\item\model\W197.nif
input\item\model\W198.nif
input\item\model\W199.nif
input\item\model\W201.nif
input\item\model\W202.nif
input\item\model\W203.nif
input\item\model\W204.nif
input\item\model\W205.nif
input\item\model\W206.nif
input\item\model\W207.nif
input\item\model\W208.nif
input\item\model\W209.nif
input\item\model\W210.nif
input\item\model\W211.nif
input\item\model\W212.nif
input\item\model\W213.nif
input\item\model\W214.nif
input\item\model\W215.nif
input\item\model\W216.nif
input\item\model\W217.nif
input\item\model\W218.nif
input\item\model\W219.nif
input\item\model\W220.nif
input\item\model\W221.nif
input\item\model\W222.nif
input\item\model\W223.nif
input\item\model\W224.nif
input\item\model\W225.nif
input\item\model\W226.nif
input\item\model\W227.nif
input\item\model\W228.nif
input\item\model\W229.nif
input\item\model\W230.nif
input\item\model\W231.nif
input\item\model\W232.nif
input\item\model\W234.nif
input\item\model\W235.nif
input\item\model\W236.nif
input\item\model\W237.nif
input\item\model\W238.nif
input\item\model\W239.nif
input\item\model\W240.nif
input\item\model\W241.nif
input\item\model\W242.nif
input\item\model\W243.nif
input\item\model\W244.nif
input\item\model\W246.nif
input\item\model\W247.nif
input\item\model\W248.nif
input\item\model\W249.nif
input\item\model\W250.nif
input\item\model\W251.nif
input\item\model\W252.nif
input\item\model\W253.nif
input\item\model\W254.nif
input\item\model\W255.nif
input\item\model\W256.nif
input\item\model\W257.nif
input\item\model\W258.nif
input\item\model\W259.nif
input\item\model\W260.nif
input\item\model\W261.nif
input\item\model\W262.nif
input\item\model\W263.nif
input\item\model\W264.nif
input\item\model\W265.nif
input\item\model\W266.nif
input\item\model\W267.nif
input\item\model\W268.nif
input\item\model\W269.nif
input\item\model\W270.nif
input\item\model\W271.nif
input\item\model\W272.nif
input\item\model\W273.nif
input\item\model\W274.nif
input\item\model\W275.nif
input\item\model\W276.nif
input\item\model\W277.nif
input\item\model\W278.nif
input\item\model\W279.nif
input\item\model\W280.nif
input\item\model\W282.nif
input\item\model\W283.nif
input\item\model\W284.nif
input\item\model\W285.nif
input\item\model\W286.nif
input\item\model\W287.nif
input\item\model\W288.nif
input\item\model\W289.nif
input\item\model\W290.nif
input\item\model\W291.nif
input\item\model\W292.nif
input\item\model\W293.nif
input\item\model\W294.nif
input\item\model\W296.nif
input\item\model\W297.nif
input\item\model\W298.nif
input\item\model\W299.nif
input\item\model\W301.nif
input\item\model\W302.nif
input\item\model\W303.nif
input\item\model\W304.nif
input\item\model\W305.nif
input\item\model\W306.nif
input\item\model\W307.nif
input\item\model\W308.nif
input\item\model\W309.nif
input\item\model\W310.nif
input\item\model\W316.nif
input\item\model\W317.nif
input\item\model\W318.nif
input\item\model\W319.nif
input\item\model\W320.nif
input\item\model\W321.nif
input\item\model\W322.nif
input\item\model\W323.nif
input\item\model\W324.nif
input\item\model\W325.nif
input\item\model\W326.nif
input\item\model\W327.nif
input\item\model\W328.nif
input\item\model\W329.nif
input\item\model\W330.nif
input\item\model\W331.nif
input\item\model\W332.nif
input\item\model\W333.nif
input\item\model\W334.nif
input\item\model\W335.nif
input\item\model\W336.nif
input\item\model\W337.nif
input\item\model\W338.nif
input\item\model\W339.nif
input\item\model\W340.nif
input\item\model\W341.nif
input\item\model\W342.nif
input\item\model\W343.nif
input\item\model\W344.nif
input\item\model\W345.nif
input\item\model\W346.nif
input\item\model\W347.nif
input\item\model\W348.nif
input\item\model\W349.nif
input\item\model\W350.nif
input\item\model\W351.nif
input\item\model\W352.nif
input\item\model\W353.nif
input\item\model\W354.nif
input\item\model\W355.nif
input\item\model\W356.nif
input\item\model\W357.nif
input\item\model\W358.nif
input\item\model\W359.nif
input\item\model\W360.nif
input\item\model\W361.nif
input\item\model\W362.nif
input\item\model\W363.nif
input\item\model\W364.nif
input\item\model\W365.nif
input\item\model\W366.nif
input\item\model\W368.nif
input\item\model\W369.nif
input\item\model\W370.nif
input\item\model\W372.nif
input\item\model\W373.nif
input\item\model\W375.nif
input\item\model\W376.nif
input\item\model\W377.nif
input\item\model\W378.nif
input\item\model\W379.nif
input\item\model\W380.nif
input\item\model\W381.nif
input\item\model\W382.nif
input\item\model\W383.nif
input\item\model\W384.nif
input\item\model\W385.nif
input\item\model\W386.nif
input\item\model\W387.nif
input\item\model\W388.nif
input\item\model\W389.nif
input\item\model\W390.nif
input\item\model\W391.nif
input\item\model\W392.nif
input\item\model\W393.nif
input\item\model\W394.nif
input\item\model\W395.nif
input\item\model\W396.nif
input\item\model\W397.nif
input\item\model\W398.nif
input\item\model\W399.nif
input\item\model\W401.nif
input\item\model\W402.nif
input\item\model\W403.nif
input\item\model\W404.nif
input\item\model\W405.nif
input\item\model\W406.nif
input\item\model\W407.nif
input\item\model\W408.nif
input\item\model\W409.nif
input\item\model\W410.nif
input\item\model\W416.nif
input\item\model\W417.nif
input\item\model\W418.nif
input\item\model\W419.nif
input\item\model\W420.nif
input\item\model\W421.nif
input\item\model\W422.nif
input\item\model\W423.nif
input\item\model\W424.nif
input\item\model\W425.nif
input\item\model\W426.nif
input\item\model\W427.nif
input\item\model\W428.nif
input\item\model\W429.nif
input\item\model\W430.nif
input\item\model\W431.nif
input\item\model\W432.nif
input\item\model\W433.nif
input\item\model\W434.nif
input\item\model\W435.nif
input\item\model\W436.nif
input\item\model\W437.nif
input\item\model\W438.nif
input\item\model\W439.nif
input\item\model\W440.nif
input\item\model\W441.nif
input\item\model\W442.nif
input\item\model\W443.nif
input\item\model\W444.nif
input\item\model\W449.nif
input\item\model\W450.nif
input\item\model\W451.nif
input\item\model\W452.nif
input\item\model\W453.nif
input\item\model\W454.nif
input\item\model\W455.nif
input\item\model\W456.nif
input\item\model\W457.nif
input\item\model\W458.nif
input\item\model\W459.nif
input\item\model\W460.nif
input\item\model\W461.nif
input\item\model\W462.nif
input\item\model\W463.nif
input\item\model\W464.nif
input\item\model\W465.nif
input\item\model\W466.nif
input\item\model\W467.nif
input\item\model\W468.nif
input\item\model\W469.nif
input\item\model\W470.nif
input\item\model\W471.nif
input\item\model\W472.nif
input\item\model\W473.nif
input\item\model\W474.nif
input\item\model\W475.nif
input\item\model\W477.nif
input\item\model\W480.nif
input\item\model\W481.nif
input\item\model\W482.nif
input\item\model\W483.nif
input\item\model\W485.nif
input\item\model\W487.nif
input\item\model\W488.nif
input\item\model\W489.nif
input\item\model\W490.nif
input\item\model\W491.nif
input\item\model\W492.nif
input\item\model\W493.nif
input\item\model\W494.nif
input\item\model\W495.nif
input\item\model\W496.nif
input\item\model\W497.nif
input\item\model\W498.nif
input\item\model\W499.nif
input\item\model\W501.nif
input\item\model\W502.nif
input\item\model\W503.nif
input\item\model\W504.nif
input\item\model\W505.nif
input\item\model\W506.nif
input\item\model\W507.nif
input\item\model\W508.nif
input\item\model\W509.nif
input\item\model\W510.nif
input\item\model\W511.nif
input\item\model\W512.nif
input\item\model\W513.nif
input\item\model\W514.nif
input\item\model\W517.nif
input\item\model\W518.nif
input\item\model\W519.nif
input\item\model\W520.nif
input\item\model\W521.nif
input\item\model\W522.nif
input\item\model\W523.nif
input\item\model\W524.nif
input\item\model\W525.nif
input\item\model\W526.nif
input\item\model\W527.nif
input\item\model\W528.nif
input\item\model\W529.nif
input\item\model\W530.nif
input\item\model\W531.nif
input\item\model\W532.nif
input\item\model\W533.nif
input\item\model\W534.nif
input\item\model\W535.nif
input\item\model\W536.nif
input\item\model\W537.nif
input\item\model\W538.nif
input\item\model\W539.nif
input\item\model\W540.nif
input\item\model\W542.nif
input\item\model\W543.nif
input\item\model\W544.nif
input\item\model\W545.nif
input\item\model\W546.nif
input\item\model\W547.nif
input\item\model\W548.nif
input\item\model\W549.nif
input\item\model\W550.nif
input\item\model\W551.nif
input\item\model\W552.nif
input\item\model\W553.nif
input\item\model\W554.nif
input\item\model\W555.nif
input\item\model\W556.nif
input\item\model\W557.nif
input\item\model\W558.nif
input\item\model\W559.nif
input\item\model\W560.nif
input\item\model\W561.nif
input\item\model\W562.nif
input\item\model\W600.nif
input\item\model\W601.nif
input\item\model\W602.nif
input\item\model\W603.nif
input\item\model\W604.nif
input\item\model\W605.nif
input\item\model\W606.nif
input\item\model\W607.nif
input\item\model\W608.nif
input\item\model\W609.nif
input\item\model\W610.nif
input\item\model\W611.nif
input\item\model\W612.nif
input\item\model\W616.nif
input\item\model\W617.nif
input\item\model\W618.nif
input\item\model\W619.nif
input\item\model\W620.nif
input\item\model\W621.nif
input\item\model\W622.nif
input\item\model\W623.nif
input\item\model\W624.nif
input\item\model\W625.nif
input\item\model\W626.nif
input\item\model\W627.nif
input\item\model\W628.nif
input\item\model\W629.nif
input\item\model\W630.nif
input\item\model\W631.nif
input\item\model\W632.nif
input\item\model\W633.nif
input\item\model\W634.nif
input\item\model\W635.nif
input\item\model\W636.nif
input\item\model\W637.nif
input\item\model\W638.nif
input\item\model\W640.nif
input\item\model\W642.nif
input\item\model\W643.nif
input\item\model\W644.nif
input\item\model\W645.nif
input\item\model\W646.nif
input\item\model\W647.nif
input\item\model\W648.nif
input\item\model\W649.nif
input\item\model\W650.nif
input\item\model\W651.nif
input\item\model\W652.nif
input\item\model\W653.nif
input\item\model\W654.nif
input\item\model\W655.nif
input\item\model\W656.nif
input\item\model\W658.nif
input\item\model\W659.nif
input\item\model\W660.nif
input\item\model\W661.nif
input\item\model\W662.nif
input\item\model\W663.nif
input\item\model\W664.nif
input\item\model\W665.nif
input\item\model\W666.nif
input\item\model\W667.nif
input\item\model\W669.nif
input\item\model\W670.nif
input\item\model\W671.nif
input\item\model\W672.nif
input\item\model\W673.nif
input\item\model\W674.nif
input\item\model\W675.nif
input\item\model\W676.nif
input\item\model\W677.nif
input\item\model\W678.nif
input\item\model\W679.nif
input\item\model\W680.nif
input\item\model\W681.nif
input\item\model\W682.nif
input\item\model\W683.nif
input\item\model\W684.nif
input\item\model\W685.nif
input\item\model\W686.nif
input\item\model\W687.nif
input\item\model\W688.nif
input\item\model\W689.nif
input\item\model\W690.nif
input\item\model\W691.nif
input\item\model\W692.nif
input\item\model\W693.nif
input\item\model\W694.nif
input\item\model\W695.nif
input\item\model\W696.nif
input\item\model\W697.nif
input\item\model\W701.nif
input\item\model\W702.nif
input\item\model\W703.nif
input\item\model\W704.nif
input\item\model\W705.nif
input\item\model\W706.nif
input\item\model\W707.nif
input\item\model\W708.nif
input\item\model\W709.nif
input\item\model\W710.nif
input\item\model\W712.nif
input\item\model\W713.nif
input\item\model\W714.nif
input\item\model\W715.nif
input\item\model\W716.nif
input\item\model\W717.nif
input\item\model\W718.nif
input\item\model\W719.nif
input\item\model\W720.nif
input\item\model\W723.nif
input\item\model\W725.nif
input\item\model\W726.nif
input\item\model\W727.nif
input\item\model\W728.nif
input\item\model\W731.nif
input\item\model\W732.nif
input\item\model\W733.nif
input\item\model\W735.nif
input\item\model\W736.nif
input\item\model\W737.nif
input\item\model\W738.nif
input\item\model\W739.nif
input\item\model\W741.nif
input\item\model\W742.nif
input\item\model\W743.nif
input\item\model\W744.nif
input\item\model\W745.nif
input\item\model\W746.nif
input\item\model\W747.nif
input\item\model\W748.nif
input\item\model\W749.nif
input\item\model\W750.nif
input\item\model\W751.nif
input\item\model\W752.nif
input\item\model\W753.nif
input\item\model\W754.nif
input\item\model\W755.nif
input\item\model\W756.nif
input\item\model\W757.nif
input\item\model\W758.nif
input\item\model\W759.nif
input\item\model\W760.nif
input\item\model\W761.nif
input\item\model\W762.nif
input\item\model\W763.nif
input\item\model\W764.nif
input\item\model\W765.nif
input\item\model\W766.nif
input\item\model\W767.nif
input\item\model\W768.nif
input\item\model\W769.nif
input\item\model\W770.nif
input\item\model\W771.nif
input\item\model\W772.nif
input\item\model\W773.nif
input\item\model\W774.nif
input\item\model\W775.nif
input\item\model\W776.nif
input\item\model\W777.nif
input\item\model\W778.nif
input\item\model\W779.nif
input\item\model\W780.nif
input\item\model\W781.nif
input\item\model\W782.nif
input\item\model\W783.nif
input\item\model\W784.nif
input\item\model\W785.nif
input\item\model\W786.nif
input\item\model\W787.nif
input\item\model\W788.nif
input\item\model\W789.nif
input\item\model\W790.nif
input\item\model\W791.nif
input\item\model\W792.nif
input\item\model\W793.nif
input\item\model\W794.nif
input\item\model\W795.nif
input\item\model\W796.nif
input\item\model\W797.nif
input\item\model\W798.nif
input\item\model\W799.nif
input\item\model\W801.nif
input\item\model\W802.nif
input\item\model\W803.nif
input\item\model\W804.nif
input\item\model\W805.nif
input\item\model\W806.nif
input\item\model\W807.nif
input\item\model\W808.nif
input\item\model\W809.nif
input\item\model\W810.nif
input\item\model\W811.nif
input\item\model\W812.nif
input\item\model\W813.nif
input\item\model\W814.nif
input\item\model\W815.nif
input\item\model\W816.nif
input\item\model\W817.nif
input\item\model\W818.nif
input\item\model\W819.nif
input\item\model\W820.nif
input\item\model\W821.nif
input\item\model\W822.nif
input\item\model\W823.nif
input\item\model\W824.nif
input\item\model\W825.nif
input\item\model\W826.nif
input\item\model\W827.nif
input\item\model\W828.nif
input\item\model\W829.nif
input\item\model\W830.nif
input\item\model\W831.nif
input\item\model\W832.nif
input\item\model\W833.nif
input\item\model\W834.nif
input\item\model\W835.nif
input\item\model\W836.nif
input\item\model\W837.nif
input\item\model\W838.nif
input\item\model\W839.nif
input\item\model\W840.nif
input\item\model\W841.nif
input\item\model\W842.nif
input\item\model\W843.nif
input\item\model\W844.nif
input\item\model\W845.nif
input\item\model\W846.nif
input\item\model\W847.nif
input\item\model\W848.nif
input\item\model\W849.nif
input\item\model\W850.nif
input\item\model\W851.nif
input\item\model\W852.nif
input\item\model\W853.nif
input\item\model\W854.nif
input\item\model\W855.nif
input\item\model\W856.nif
input\item\model\W857.nif
input\item\model\W858.nif
input\item\model\W859.nif
input\item\model\W860.nif
input\item\model\W861.nif
input\item\model\W862.nif
input\item\model\W863.nif
input\item\model\W864.nif
input\item\model\W865.nif
input\item\model\W866.nif
input\item\model\W867.nif
input\item\model\W868.nif
input\item\model\W869.nif
input\item\model\W870.nif
input\item\model\W871.nif
input\item\model\W872.nif
input\item\model\W873.nif
input\item\model\W874.nif
input\item\model\W875.nif
input\item\model\W876.nif
input\item\model\W877.nif
input\item\model\W878.nif
input\item\model\W879.nif
input\item\model\W880.nif
input\item\model\W881.nif
input\item\model\W882.nif
input\item\model\W883.nif
input\item\model\W884.nif
input\item\model\W885.nif
input\item\model\W886.nif
input\item\model\W887.nif
input\item\model\W888.nif
input\item\model\W889.nif
input\item\model\W890.nif
input\item\model\W891.nif
input\item\model\W892.nif
input\item\model\W893.nif
input\item\model\W894.nif
input\item\model\W895.nif
input\item\model\W896.nif
input\item\model\W897.nif
input\item\model\W898.nif
input\item\model\W899.nif
input\item\model\W901.nif
input\item\model\W902.nif
input\item\model\WA01.nif
input\item\model\WA02.nif
input\item\model\WA03.nif
input\item\model\WA04.nif
input\item\model\WA05.nif
input\item\model\WA06.nif
input\item\model\WA07.nif
input\item\model\WA08.nif
input\item\model\WA09.nif
input\item\model\WA10.nif
input\item\model\WA11.nif
input\item\model\WA12.nif
input\item\model\WA13.nif
input\item\model\WA14.nif
input\item\model\WA15.nif
input\item\model\WA16.nif
input\item\model\WA17.nif
input\item\model\WA18.nif
input\item\model\WA19.nif
input\item\model\WA20.nif
input\item\model\WA21.nif
input\item\model\WA22.nif
input\item\model\WA23.nif
input\item\model\WA24.nif
input\item\model\WA25.nif
input\item\model\WA26.nif
input\item\model\WA27.nif
input\item\model\WA28.nif
input\item\model\WA29.nif
input\item\model\WA30.nif
input\item\model\WA31.nif
input\item\model\WA32.nif
input\item\model\WA33.nif
input\item\model\WA34.nif
input\item\model\WA35.nif
input\item\model\WA36.nif
input\item\model\WA37.nif
input\item\model\WA38.nif
input\item\model\WA39.nif
input\item\model\WA40.nif
input\item\model\WA41.nif
input\item\model\WA42.nif
input\item\model\WA43.nif
input\item\model\WA44.nif
input\item\model\WA45.nif
input\item\model\WA46.nif
input\item\model\WA47.nif
input\item\model\WA49.nif
input\item\model\WA50.nif
input\item\model\WA51.nif
input\item\model\WA53.nif
input\item\model\WA54.nif
input\item\model\WA55.nif
input\item\model\WA56.nif
input\item\model\WA57.nif
input\item\model\WA58.nif
input\item\model\WA59.nif
input\item\model\WA60.nif
input\item\model\WA62.nif
input\item\model\WA63.nif
input\item\model\WA64.nif
input\item\model\WA65.nif
input\item\model\WA66.nif
input\item\model\WA67.nif
input\item\model\WA68.nif
input\item\model\WA69.nif
input\item\model\WA70.nif
input\item\model\WA71.nif
input\item\model\WA72.nif
input\item\model\WA73.nif
input\item\model\WA74.nif
input\item\model\WA75.nif
input\item\model\WA76.nif
input\item\model\WA77.nif
input\item\model\WA78.nif
input\item\model\WA79.nif
input\item\model\WA80.nif
input\item\model\WA81.nif
input\item\model\WA82.nif
input\item\model\WA83.nif
input\item\model\WA84.nif
input\item\model\WA85.nif
input\item\model\WA86.nif
input\item\model\WA87.nif
input\item\model\WA88.nif
input\item\model\WA89.nif
input\item\model\WA90.nif
input\item\model\WA91.nif
input\item\model\WA92.nif
input\item\model\WA93.nif
input\item\model\WA94.nif
input\item\model\WA95.nif
input\item\model\WA96.nif
input\item\model\WA97.nif
input\item\model\WA98.nif
input\item\model\WA99.nif
input\item\model\WB01.nif
input\item\model\WB02.nif
input\item\model\WB03.nif
input\item\model\WB04.nif
input\item\model\WB05.nif
input\item\model\WB06.nif
input\item\model\WB07.nif
input\item\model\WB08.nif
input\item\model\WB09.nif
input\item\model\WB10.nif
input\item\model\WB11.nif
input\item\model\WB12.nif
input\item\model\WB13.nif
input\item\model\WB14.nif
input\item\model\WB15.nif
input\item\model\WB16.nif
input\item\model\WB17.nif
input\item\model\WB18.nif
input\item\model\WB19.nif
input\item\model\WB20.nif
input\item\model\WB21.nif
input\item\model\WB22.nif
input\item\model\WB23.nif
input\item\model\WB24.nif
input\item\model\WB25.nif
input\item\model\WB26.nif
input\item\model\WB27.nif
input\item\model\WB28.nif
input\item\model\WB29.nif
input\item\model\WB30.nif
input\item\model\WB31.nif
input\item\model\WB32.nif
input\item\model\WB33.nif
input\item\model\WB34.nif
input\item\model\WB35.nif
input\item\model\WB36.nif
input\item\model\WB37.nif
input\item\model\WB38.nif
input\item\model\WB39.nif
input\item\model\WB40.nif
input\item\model\WB41.nif
input\item\model\WB42.nif
input\item\model\WB43.nif
input\item\model\WB44.nif
input\item\model\WB45.nif
input\item\model\WB46.nif
input\item\model\WB48.nif
input\item\model\WB49.nif
input\item\model\WB50.nif
input\item\model\WB51.nif
input\item\model\WB52.nif
input\item\model\WB53.nif
input\item\model\WB54.nif
input\item\model\WB55.nif
input\item\model\WB56.nif
input\item\model\WB57.nif
input\item\model\WB58.nif
input\item\model\WB60.nif
input\item\model\WB61.nif
input\item\model\WB62.nif
input\item\model\WB63.nif
input\item\model\WB64.nif
input\item\model\WB65.nif
input\item\model\WB66.nif
input\item\model\WB67.nif
input\item\model\WB68.nif
input\item\model\WB69.nif
input\item\model\WB71.nif
input\item\model\WB72.nif
input\item\model\WB73.nif
input\item\model\WB74.nif
input\item\model\WB75.nif
input\item\model\WB76.nif
input\item\model\WB77.nif
input\item\model\WB78.nif
input\item\model\WB79.nif
input\item\model\WB80.nif
input\item\model\WB81.nif
input\item\model\WB82.nif
input\item\model\WB83.nif
input\item\model\WB84.nif
input\item\model\WB85.nif
input\item\model\WB86.nif
input\item\model\WB87.nif
input\item\model\WB88.nif
input\item\model\WB89.nif
input\item\model\WB90.nif
input\item\model\WB91.nif
input\item\model\WB92.nif
input\item\model\WB93.nif
input\item\model\WB95.nif
input\item\model\WB96.nif
input\item\model\WB97.nif
input\item\model\WB98.nif
input\item\model\WB99.nif
input\item\model\WC01.nif
input\item\model\WC02.nif
input\item\model\WC03.nif
input\item\model\WC04.nif
input\item\model\WC05.nif
input\item\model\WC06.nif
input\item\model\WC07.nif
input\item\model\WC08.nif
input\item\model\WC09.nif
input\item\model\WC10.nif
input\item\model\WC11.nif
input\item\model\WC12.nif
input\item\model\WC13.nif
input\item\model\WC14.nif
input\item\model\WC15.nif
input\item\model\WC16.nif
input\item\model\WC17.nif
input\item\model\WC18.nif
input\item\model\WC19.nif
input\item\model\WC20.nif
input\item\model\WC21.nif
input\item\model\WC22.nif
input\item\model\WC23.nif
input\item\model\WC24.nif
input\item\model\WC25.nif
input\item\model\WC26.nif
input\item\model\WC27.nif
input\item\model\WC28.nif
input\item\model\WC29.nif
input\item\model\WC30.nif
input\item\model\WC31.nif
input\item\model\WC32.nif
input\item\model\WC33.nif
input\item\model\WC34.nif
input\item\model\WC35.nif
input\item\model\WC36.nif
input\item\model\WC37.nif
input\item\model\WC39.nif
input\item\model\WC40.nif
input\item\model\WC41.nif
input\item\model\WC42.nif
input\item\model\WC46.nif
input\item\model\WD01.nif
input\item\model\WD02.nif
input\item\model\WD03.nif
input\item\model\WD04.nif
input\item\model\WD05.nif
input\item\model\WD06.nif
input\item\model\WD07.nif
input\item\model\WD08.nif
input\item\model\WD09.nif
input\item\model\WD10.nif
input\item\model\WD11.nif
input\item\model\WD12.nif
input\item\model\WD13.nif
input\item\model\WD14.nif
input\item\model\WD15.nif
input\item\model\WD16.nif
input\item\model\WD17.nif
input\item\model\WD18.nif
input\item\model\WD19.nif
input\item\model\WD20.nif
input\item\model\WD21.nif
input\item\model\WD22.nif
input\item\model\WD23.nif
input\item\model\WD24.nif
input\item\model\WD25.nif
input\item\model\WD26.nif
input\item\model\WD27.nif
input\item\model\WD28.nif
input\item\model\WD29.nif
input\item\model\WD30.nif
input\item\model\WD31.nif
input\item\model\WD32.nif
input\item\model\WD33.nif
input\item\model\WD34.nif
input\item\model\WD35.nif
input\item\model\WD36.nif
input\item\model\WD37.nif
input\item\model\WD38.nif
input\item\model\WE01.nif
input\item\model\WE02.nif
input\item\model\WE03.nif
input\item\model\WE04.nif
input\item\model\WE05.nif
input\item\model\WE06.nif
input\item\model\WE07.nif
input\item\model\WE08.nif
input\item\model\WE09.nif
input\item\model\WE10.nif
input\item\model\WE11.nif
input\item\model\WE12.nif
input\item\model\WE13.nif
input\item\model\WE14.nif
input\item\model\WE15.nif
input\item\model\WE16.nif
input\item\model\WE17.nif
input\item\model\WE18.nif
input\item\model\WE19.nif
input\item\model\WE20.nif
input\item\model\WE21.nif
input\item\model\WE22.nif
input\item\model\WE23.nif
input\item\model\WE24.nif
input\item\model\WE25.nif
input\item\model\WE26.nif
input\item\model\WE27.nif
input\item\model\WE28.nif
input\item\model\WE29.nif
input\item\model\WE30.nif
input\item\model\WE31.nif
input\item\model\WE32.nif
input\item\model\WE33.nif
input\item\model\WE34.nif
input\item\model\WE35.nif
input\item\model\WE36.nif
input\item\model\WE37.nif
input\item\model\WE38.nif
input\item\model\WF01.nif
input\item\model\WF02.nif
input\item\model\WF03.nif
input\item\model\WF04.nif
input\item\model\WF05.nif
input\item\model\WF06.nif
input\item\model\WF07.nif
input\item\model\WF08.nif
input\item\model\WF09.nif
input\item\model\WF10.nif
input\item\model\WF11.nif
input\item\model\WF13.nif
input\item\model\WF14.nif
input\item\model\WF15.nif
input\item\model\WF17.nif
input\item\model\WF18.nif
input\item\model\WF19.nif
input\item\model\WF21.nif
input\item\model\WF22.nif
input\item\model\WF24.nif
input\item\model\WF25.nif
input\item\model\WF26.nif
input\item\model\WF27.nif
input\item\model\WF28.nif
input\item\model\WF29.nif
input\item\model\WF30.nif
input\item\model\WF31.nif
input\item\model\WF32.nif
input\item\model\WF33.nif
input\item\model\WF34.nif
input\item\model\WF35.nif
input\item\model\WF36.nif
input\item\model\WF37.nif
input\item\model\WF38.nif
input\item\model\WF39.nif
input\item\model\WF40.nif
input\item\model\WF41.nif
input\item\model\WF42.nif
input\item\model\WF43.nif
input\item\model\WF44.nif
input\item\model\WF46.nif
input\item\model\WF47.nif
input\item\model\WF48.nif
input\item\model\WF49.nif
input\item\model\WF50.nif
input\item\model\WF51.nif
input\item\model\WF52.nif
input\item\model\WF53.nif
input\item\model\WF54.nif
input\item\model\WF55.nif
input\item\model\WF56.nif
input\item\model\WF57.nif
input\item\model\WF58.nif
input\item\model\WF59.nif
input\item\model\WF60.nif
input\item\model\WF61.nif
input\item\model\WF62.nif
input\item\model\WF63.nif
input\item\model\WF64.nif
input\item\model\WF65.nif
input\item\model\WF66.nif
input\item\model\WF67.nif
input\item\model\WF68.nif
input\item\model\WF69.nif
input\item\model\WF70.nif
input\item\model\WF71.nif
input\item\model\WF72.nif
input\item\model\WF73.nif
input\item\model\WF74.nif
input\item\model\WF75.nif
input\item\model\WF76.nif
input\item\model\WF77.nif
input\item\model\WF78.nif
input\item\model\WF79.nif
input\item\model\WF80.nif
input\item\model\WF81.nif
input\item\model\WF82.nif
input\item\model\WF83.nif
input\item\model\WF84.nif
input\item\model\WF85.nif
input\item\model\WF86.nif
input\item\model\WF87.nif
input\item\model\WF88.nif
input\item\model\WF89.nif
input\item\model\WF90.nif
input\item\model\WF91.nif
input\item\model\WF92.nif
input\item\model\WF93.nif
input\item\model\WF94.nif
input\item\model\WF95.nif
input\item\model\WF96.nif
input\item\model\WF97.nif
input\item\model\WF98.nif
input\item\model\WF99.nif
input\item\model\WG01.nif
input\item\model\WG02.nif
input\item\model\WG04.nif
input\item\model\WG05.nif
input\item\model\WG06.nif
input\item\model\WG07.nif
input\item\model\WG09.nif
input\item\model\WG10.nif
input\item\model\WG11.nif
input\item\model\WG12.nif
input\item\model\WG13.nif
input\item\model\WG14.nif
input\item\model\WG15.nif
input\item\model\WG16.nif
input\item\model\WG17.nif
input\item\model\WG18.nif
input\item\model\WG19.nif
input\item\model\WG20.nif
input\item\model\WG21.nif
input\item\model\WG22.nif
input\item\model\WG23.nif
input\item\model\WG24.nif
input\item\model\WG25.nif
input\item\model\WG26.nif
input\item\model\WG27.nif
input\item\model\WG28.nif
input\item\model\WG29.nif
input\item\model\WG30.nif
input\item\model\WG31.nif
input\item\model\WG32.nif
input\item\model\WG33.nif
input\item\model\WG34.nif
input\item\model\WG35.nif
input\item\model\WG36.nif
input\item\model\WG37.nif
input\item\model\WG38.nif
input\item\model\WG39.nif
input\item\model\WG40.nif
input\item\model\WG41.nif
input\item\model\WG42.nif
input\item\model\WG43.nif
input\item\model\WG44.nif
input\item\model\WG45.nif
input\item\model\WG46.nif
input\item\model\WG47.nif
input\item\model\WG48.nif
input\item\model\WG49.nif
input\item\model\WG50.nif
input\item\model\WG51.nif
input\item\model\WG52.nif
input\item\model\WG53.nif
input\item\model\WG54.nif
input\item\model\WG55.nif
input\item\model\WG56.nif
input\item\model\WG57.nif
input\item\model\WG58.nif
input\item\model\WG59.nif
input\item\model\WG60.nif
input\item\model\WG61.nif
input\item\model\WG62.nif
input\item\model\WG63.nif
input\item\model\WG64.nif
input\item\model\WG65.nif
input\item\model\WG66.nif
input\item\model\WG67.nif
input\item\model\WG68.nif
input\item\model\WG69.nif
input\item\model\WG70.nif
input\item\model\WG71.nif
input\item\model\WG72.nif
input\item\model\WG73.nif
input\item\model\WG74.nif
input\item\model\WG75.nif
input\item\model\WG76.nif
input\item\model\WG77.nif
input\item\model\WG78.nif
input\item\model\WG79.nif
input\item\model\WG80.nif
input\item\model\WG81.nif
input\item\model\WG82.nif
input\item\model\WG83.nif
input\item\model\WG84.nif
input\item\model\WG85.nif
input\item\model\WG86.nif
input\item\model\WG87.nif
input\item\model\WG88.nif
input\item\model\WG89.nif
input\item\model\WG90.nif
input\item\model\WG91.nif
input\item\model\WG92.nif
input\item\model\WG93.nif
input\item\model\WG94.nif
input\item\model\WG95.nif
input\item\model\WG96.nif
input\item\model\WG97.nif
input\item\model\WG98.nif
input\item\model\WG99.nif
input\monster\model\M001.nif
input\monster\model\M002.nif
input\monster\model\M003.nif
input\monster\model\M004.nif
input\monster\model\M005.nif
input\monster\model\M006.nif
input\monster\model\M007.nif
input\monster\model\M008.nif
input\monster\model\M009.nif
input\monster\model\M010.nif
input\monster\model\M011.nif
input\monster\model\M012.nif
input\monster\model\M013.nif
input\monster\model\M014.nif
input\monster\model\M015.nif
input\monster\model\M016.nif
input\monster\model\M017.nif
input\monster\model\M018.nif
input\monster\model\M019.nif
input\monster\model\M020.nif
input\monster\model\M021.nif
input\monster\model\M022.nif
input\monster\model\M023.nif
input\monster\model\M024.nif
input\monster\model\M025.nif
input\monster\model\M026.nif
input\monster\model\M027.nif
input\monster\model\M028.nif
input\monster\model\M029.nif
input\monster\model\M030.nif
input\monster\model\M031.nif
input\monster\model\M032.nif
input\monster\model\M033.nif
input\monster\model\M034.nif
input\monster\model\M035.nif
input\monster\model\M036.nif
input\monster\model\M037.nif
input\monster\model\M038.nif
input\monster\model\M039.nif
input\monster\model\M040.nif
input\monster\model\M041.nif
input\monster\model\M042.nif
input\monster\model\M043.nif
input\monster\model\M044.nif
input\monster\model\M045.nif
input\monster\model\M046.nif
input\monster\model\M047.nif
input\monster\model\M048.nif
input\monster\model\M049.nif
input\monster\model\M050.nif
input\monster\model\M051.nif
input\monster\model\M052.nif
input\monster\model\M053.nif
input\monster\model\M054.nif
input\monster\model\M055.nif
input\monster\model\M056.nif
input\monster\model\M057.nif
input\monster\model\M058.nif
input\monster\model\M059.nif
input\monster\model\M060.nif
input\monster\model\M061.nif
input\monster\model\M062.nif
input\monster\model\M063.nif
input\monster\model\M064.nif
input\monster\model\M065.nif
input\monster\model\M066.nif
input\monster\model\M067.nif
input\monster\model\M068.nif
input\monster\model\M069.nif
input\monster\model\M070.nif
input\monster\model\M071.nif
input\monster\model\M072.nif
input\monster\model\M073.nif
input\monster\model\M074.nif
input\monster\model\M075.nif
input\monster\model\M076.nif
input\monster\model\M077.nif
input\monster\model\M078.nif
input\monster\model\M079.nif
input\monster\model\M080.nif
input\monster\model\M081.nif
input\monster\model\M082.nif
input\monster\model\M083.nif
input\monster\model\M084.nif
input\monster\model\M085.nif
input\monster\model\M086.nif
input\monster\model\M088.nif
input\monster\model\M089.nif
input\monster\model\M090.nif
input\monster\model\M091.nif
input\monster\model\M093.nif
input\monster\model\M094.nif
input\monster\model\M095.nif
input\monster\model\M096.nif
input\monster\model\M097.nif
input\monster\model\M098.nif
input\monster\model\M099.nif
input\monster\model\M100.nif
input\monster\model\M101.nif
input\monster\model\M102.nif
input\monster\model\M103.nif
input\monster\model\M104.nif
input\monster\model\M105.nif
input\monster\model\M106.nif
input\monster\model\M107.nif
input\monster\model\M108.nif
input\monster\model\M109.nif
input\monster\model\M110.nif
input\monster\model\M111.nif
input\monster\model\M112.nif
input\monster\model\M113.nif
input\monster\model\M114.nif
input\monster\model\M115.nif
input\monster\model\M116.nif
input\monster\model\M117.nif
input\monster\model\M118.nif
input\monster\model\M119.nif
input\monster\model\M120.nif
input\monster\model\M121.nif
input\monster\model\M122.nif
input\monster\model\M123.nif
input\monster\model\M124.nif
input\monster\model\M125.nif
input\monster\model\M126.nif
input\monster\model\M127.nif
input\monster\model\M128.nif
input\monster\model\M129.nif
input\monster\model\M130.nif
input\monster\model\M131.nif
input\monster\model\M132.nif
input\monster\model\M133.nif
input\monster\model\M134.nif
input\monster\model\M135.nif
input\monster\model\M136.nif
input\monster\model\M137.nif
input\monster\model\M138.nif
input\monster\model\M139.nif
input\monster\model\M140.nif
input\monster\model\M141.nif
input\monster\model\M142.nif
input\monster\model\M143.nif
input\monster\model\M144.nif
input\monster\model\M145.nif
input\monster\model\M146.nif
input\monster\model\M147.nif
input\monster\model\M149.nif
input\monster\model\M150.nif
input\monster\model\M151.nif
input\monster\model\M152.nif
input\monster\model\M153.nif
input\monster\model\M154.nif
input\monster\model\M155.nif
input\monster\model\M157.nif
input\monster\model\M158.nif
input\monster\model\M159.nif
input\monster\model\M160.nif
input\monster\model\M161.nif
input\monster\model\M162.nif
input\monster\model\M163.nif
input\monster\model\M164.nif
input\monster\model\M165.nif
input\monster\model\M166.nif
input\monster\model\M167.nif
input\monster\model\M168.nif
input\monster\model\M169.nif
input\monster\model\M170.nif
input\monster\model\M171.nif
input\monster\model\M172.nif
input\monster\model\M173.nif
input\monster\model\M174.nif
input\monster\model\M175.nif
input\monster\model\M176.nif
input\monster\model\M177.nif
input\monster\model\M178.nif
input\monster\model\M179.nif
input\monster\model\M180.nif
input\monster\model\M181.nif
input\monster\model\M182.nif
input\monster\model\M183.nif
input\monster\model\M184.nif
input\monster\model\M185.nif
input\monster\model\M186.nif
input\monster\model\M187.nif
input\monster\model\M188.nif
input\monster\model\M189.nif
input\monster\model\M190.nif
input\monster\model\M191.nif
input\monster\model\M192.nif
input\monster\model\M193.nif
input\monster\model\M194.nif
input\monster\model\M195.nif
input\monster\model\M196.nif
input\monster\model\M197.nif
input\monster\model\M198.nif
input\monster\model\M199.nif
input\monster\model\M200.nif
input\monster\model\M201.nif
input\monster\model\M202.nif
input\monster\model\M203.nif
input\monster\model\M204.nif
input\monster\model\M205.nif
input\monster\model\M206.nif
input\monster\model\M207.nif
input\monster\model\M208.nif
input\monster\model\M209.nif
input\monster\model\M210.nif
input\monster\model\M211.nif
input\monster\model\M212.nif
input\monster\model\M213.nif
input\monster\model\M214.nif
input\monster\model\M215.nif
input\monster\model\M216.nif
input\monster\model\M217.nif
input\monster\model\M218.nif
input\monster\model\M219.nif
input\monster\model\M220.nif
input\monster\model\M221.nif
input\monster\model\M222.nif
input\monster\model\M223.nif
input\monster\model\M224.nif
input\monster\model\M225.nif
input\monster\model\M226.nif
input\monster\model\M227.nif
input\monster\model\M228.nif
input\monster\model\M229.nif
input\monster\model\M230.nif
input\monster\model\M231.nif
input\monster\model\M232.nif
input\monster\model\M233.nif
input\monster\model\M234.nif
input\monster\model\M235.nif
input\monster\model\M237.nif
input\monster\model\M238.nif
input\monster\model\M239.nif
input\monster\model\M240.nif
input\monster\model\M241.nif
input\monster\model\M242.nif
input\monster\model\M243.nif
input\monster\model\M244.nif
input\monster\model\M245.nif
input\monster\model\M246.nif
input\monster\model\M247.nif
input\monster\model\M248.nif
input\monster\model\M249.nif
input\monster\model\M250.nif
input\monster\model\M251.nif
input\monster\model\M252.nif
input\monster\model\M253.nif
input\monster\model\M254.nif
input\monster\model\M255.nif
input\monster\model\M256.nif
input\monster\model\M257.nif
input\monster\model\M258.nif
input\monster\model\M259.nif
input\monster\model\M260.nif
input\monster\model\M261.nif
input\monster\model\M262.nif
input\monster\model\M263.nif
input\monster\model\M264.nif
input\monster\model\M265.nif
input\monster\model\M266.nif
input\monster\model\M267.nif
input\monster\model\M268.nif
input\monster\model\M269.nif
input\monster\model\M270.nif
input\monster\model\M271.nif
input\monster\model\M272.nif
input\monster\model\M273.nif
input\monster\model\M274.nif
input\monster\model\M275.nif
input\monster\model\M276.nif
input\monster\model\M277.nif
input\monster\model\M278.nif
input\monster\model\M279.nif
input\monster\model\M280.nif
input\monster\model\M281.nif
input\monster\model\M282.nif
input\monster\model\M283.nif
input\monster\model\M284.nif
input\monster\model\M285.nif
input\monster\model\M286.nif
input\monster\model\M287.nif
input\monster\model\M289.nif
input\monster\model\M290.nif
input\monster\model\M291.nif
input\monster\model\M292.nif
input\monster\model\M293.nif
input\monster\model\M294.nif
input\monster\model\M295.nif
input\monster\model\M296.nif
input\monster\model\M297.nif
input\monster\model\M298.nif
input\monster\model\M299.nif
input\monster\model\M300.nif
input\monster\model\M301.nif
input\monster\model\M302.nif
input\monster\model\M303.nif
input\monster\model\M306.nif
input\monster\model\M307.nif
input\monster\model\M308.nif
input\monster\model\M309.nif
input\monster\model\M310.nif
input\monster\model\M311.nif
input\monster\model\M312.nif
input\monster\model\M313.nif
input\monster\model\M314.nif
input\monster\model\M315.nif
input\monster\model\M316.nif
input\monster\model\M317.nif
input\monster\model\M324.nif
input\monster\model\M325.nif
input\monster\model\M326.nif
input\monster\model\M327.nif
input\monster\model\M328.nif
input\monster\model\M329.nif
input\monster\model\M330.nif
input\monster\model\M331.nif
input\monster\model\M332.nif
input\monster\model\M333.nif
input\monster\model\M334.nif
input\monster\model\M336.nif
input\monster\model\M337.nif
input\monster\model\M338.nif
input\monster\model\M339.nif
input\monster\model\M340.nif
input\monster\model\M341.nif
input\monster\model\M342.nif
input\monster\model\M343.nif
input\monster\model\M344.nif
input\monster\model\M345.nif
input\monster\model\M346.nif
input\monster\model\M347.nif
input\monster\model\M348.nif
input\monster\model\M349.nif
input\monster\model\M350.nif
input\monster\model\M351.nif
input\monster\model\M352.nif
input\monster\model\M353.nif
input\monster\model\M354.nif
input\monster\model\M355.nif
input\monster\model\M356.nif
input\monster\model\M357.nif
input\monster\model\M358.nif
input\monster\model\M359.nif
input\monster\model\M360.nif
input\monster\model\M361.nif
input\monster\model\M362.nif
input\monster\model\M363.nif
input\monster\model\M364.nif
input\monster\model\M365.nif
input\monster\model\M366.nif
input\monster\model\M367.nif
input\monster\model\M368.nif
input\monster\model\M369.nif
input\monster\model\M370.nif
input\monster\model\M371.nif
input\monster\model\M372.nif
input\monster\model\M373.nif
input\monster\model\M374.nif
input\monster\model\M375.nif
input\monster\model\M376.nif
input\monster\model\M377.nif
input\monster\model\M378.nif
input\monster\model\M379.nif
input\monster\model\M380.nif
input\monster\model\M381.nif
input\monster\model\M382.nif
input\monster\model\M383.nif
input\monster\model\M384.nif
input\monster\model\M385.nif
input\monster\model\M386.nif
input\monster\model\M387.nif
input\monster\model\M388.nif
input\monster\model\M389.nif
input\monster\model\M390.nif
input\monster\model\M391.nif
input\monster\model\M392.nif
input\monster\model\M393.nif
input\monster\model\M394.nif
input\monster\model\M395.nif
input\monster\model\M396.nif
input\monster\model\M397.nif
input\monster\model\M398.nif
input\monster\model\M399.nif
input\monster\model\M400.nif
input\monster\model\M401.nif
input\monster\model\M402.nif
input\monster\model\M403.nif
input\monster\model\M404.nif
input\monster\model\M405.nif
input\monster\model\M406.nif
input\monster\model\M407.nif
input\monster\model\M408.nif
input\monster\model\M409.nif
input\monster\model\M410.nif
input\monster\model\M411.nif
input\monster\model\M412.nif
input\monster\model\M413.nif
input\monster\model\M414.nif
input\monster\model\M415.nif
input\monster\model\M416.nif
input\monster\model\M417.nif
input\monster\model\M418.nif
input\monster\model\M419.nif
input\monster\model\M420.nif
input\monster\model\M421.nif
input\monster\model\M422.nif
input\monster\model\M423.nif
input\monster\model\M424.nif
input\monster\model\M425.nif
input\monster\model\M426.nif
input\monster\model\M427.nif
input\monster\model\M428.nif
input\monster\model\M429.nif
input\monster\model\M430.nif
input\monster\model\M431.nif
input\monster\model\M432.nif
input\monster\model\M433.nif
input\monster\model\M434.nif
input\monster\model\M435.nif
input\monster\model\M436.nif
input\monster\model\M437.nif
input\monster\model\M438.nif
input\monster\model\M439.nif
input\monster\model\M440.nif
input\monster\model\M441.nif
input\monster\model\M442.nif
input\monster\model\M443.nif
input\monster\model\M444.nif
input\monster\model\M445.nif
input\monster\model\M446.nif
input\monster\model\M447.nif
input\monster\model\M448.nif
input\monster\model\M449.nif
input\monster\model\M450.nif
input\monster\model\M451.nif
input\monster\model\M452.nif
input\monster\model\M453.nif
input\monster\model\M454.nif
input\monster\model\M455.nif
input\monster\model\M456.nif
input\monster\model\M459.nif
input\monster\model\M460.nif
input\monster\model\M461.nif
input\monster\model\M462.nif
input\monster\model\M463.nif
input\monster\model\M464.nif
input\monster\model\M465.nif
input\monster\model\M466.nif
input\monster\model\M467.nif
input\monster\model\M468.nif
input\monster\model\M469.nif
input\monster\model\M470.nif
input\monster\model\M471.nif
input\monster\model\M472.nif
input\monster\model\M473.nif
input\monster\model\M474.nif
input\monster\model\M475.nif
input\monster\model\M476.nif
input\monster\model\M477.nif
input\monster\model\M478.nif
input\monster\model\M479.nif
input\monster\model\M480.nif
input\monster\model\M481.nif
input\monster\model\M482.nif
input\monster\model\M483.nif
input\monster\model\M484.nif
input\monster\model\M485.nif
input\monster\model\M486.nif
input\monster\model\M487.nif
input\monster\model\M488.nif
input\monster\model\M489.nif
input\monster\model\M490.nif
input\monster\model\M491.nif
input\monster\model\M492.nif
input\monster\model\M493.nif
input\monster\model\M494.nif
input\monster\model\M495.nif
input\monster\model\M496.nif
input\monster\model\M497.nif
input\monster\model\M502.nif
input\monster\model\M503.nif
input\monster\model\M504.nif
input\monster\model\M505.nif
input\monster\model\M506.nif
input\monster\model\M507.nif
input\monster\model\M508.nif
input\monster\model\M509.nif
input\monster\model\M510.nif
input\monster\model\M511.nif
input\monster\model\M512.nif
input\monster\model\M513.nif
input\monster\model\M514.nif
input\monster\model\M515.nif
input\monster\model\M516.nif
input\monster\model\M517.nif
input\monster\model\M518.nif
input\monster\model\M519.nif
input\monster\model\M520.nif
input\monster\model\M600.nif
input\monster\model\M601.nif
input\monster\model\M602.nif
input\monster\model\M603.nif
input\monster\model\M604.nif
input\monster\model\M605.nif
input\monster\model\M606.nif
input\monster\model\M607.nif
input\monster\model\M608.nif
input\monster\model\M609.nif
input\monster\model\M610.nif
input\monster\model\M611.nif
input\monster\model\M612.nif
input\monster\model\M613.nif
input\monster\model\M614.nif
input\monster\model\M615.nif
input\monster\model\M616.nif
input\monster\model\M617.nif
input\monster\model\M618.nif
input\monster\model\M619.nif
input\monster\model\M620.nif
input\monster\model\M621.nif
input\monster\model\M622.nif
input\monster\model\M623.nif
input\monster\model\M624.nif
input\monster\model\M625.nif
input\monster\model\M626.nif
input\monster\model\M627.nif
input\monster\model\M628.nif
input\monster\model\M629.nif
input\monster\model\M630.nif
input\monster\model\M631.nif
input\monster\model\M633.nif
input\monster\model\M634.nif
input\monster\model\M635.nif
input\monster\model\M636.nif
input\monster\model\M637.nif
input\monster\model\M638.nif
input\monster\model\M639.nif
input\monster\model\M901.nif
input\monster\model\M902.nif
input\monster\model\M903.nif
input\monster\model\M904.nif
input\monster\model\M905.nif
input\monster\model\M906.nif
input\monster\model\M907.nif
input\monster\model\M908.nif
input\npc\model\N001.nif
input\npc\model\N002.nif
input\npc\model\N003.nif
input\npc\model\N004.nif
input\npc\model\N005.nif
input\npc\model\N006.nif
input\npc\model\N007.nif
input\npc\model\N008.nif
input\npc\model\N009.nif
input\npc\model\N010.nif
input\npc\model\N011.nif
input\npc\model\N012.nif
input\npc\model\N013.nif
input\npc\model\N014.nif
input\npc\model\N015.nif
input\npc\model\N016.nif
input\npc\model\N017.nif
input\npc\model\N018.nif
input\npc\model\N019.nif
input\npc\model\N020.nif
input\npc\model\N031.nif
input\npc\model\N032.nif
input\npc\model\N033.nif
input\npc\model\N035.nif
input\npc\model\N036.nif
input\npc\model\N037.nif
input\npc\model\N038.nif
input\npc\model\N039.nif
input\npc\model\N040.nif
input\npc\model\N041.nif
input\npc\model\N042.nif
input\npc\model\N043.nif
input\npc\model\N044.nif
input\npc\model\N045.nif
input\npc\model\N046.nif
input\npc\model\N047.nif
input\npc\model\N048.nif
input\npc\model\N049.nif
input\npc\model\N070.nif
input\npc\model\N071.nif
input\npc\model\N072.nif
input\npc\model\N073.nif
input\npc\model\N074.nif
input\npc\model\N075.nif
input\npc\model\N076.nif
input\npc\model\N077.nif
input\npc\model\N078.nif
input\npc\model\N079.nif
input\npc\model\N080.nif
input\npc\model\N081.nif
input\npc\model\N082.nif
input\npc\model\N083.nif
input\npc\model\N084.nif
input\npc\model\N085.nif
input\npc\model\N086.nif
input\npc\model\N087.nif
input\npc\model\N088.nif
input\npc\model\N089.nif
input\npc\model\N090.nif
input\npc\model\N091.nif
input\npc\model\N092.nif
input\npc\model\N093.nif
input\npc\model\N094.nif
input\npc\model\N095.nif
input\npc\model\N096.nif
input\npc\model\N097.nif
input\npc\model\N098.nif
input\npc\model\N099.nif
input\npc\model\N100.nif
input\npc\model\N101.nif
input\npc\model\N102.nif
input\npc\model\N103.nif
input\npc\model\N104.nif
input\npc\model\N105.nif
input\npc\model\N106.nif
input\npc\model\N107.nif
input\npc\model\N108.nif
input\npc\model\N109.nif
input\npc\model\N110.nif
input\npc\model\N111.nif
input\npc\model\N112.nif
input\npc\model\N113.nif
input\npc\model\N114.nif
input\npc\model\N115.nif
input\npc\model\N116.nif
input\npc\model\N117.nif
input\npc\model\N118.nif
input\npc\model\N119.nif
input\npc\model\N120.nif
input\npc\model\N121.nif
input\npc\model\N122.nif
input\npc\model\N123.nif
input\npc\model\N125.nif
input\npc\model\N126.nif
input\npc\model\N127.nif
input\npc\model\N128.nif
input\npc\model\N129.nif
input\npc\model\N131.nif
input\npc\model\N132.nif
input\npc\model\N133.nif
input\npc\model\N134.nif
input\npc\model\N135.nif
input\npc\model\N136.nif
input\npc\model\N137.nif
input\npc\model\N138.nif
input\npc\model\N139.nif
input\npc\model\N140.nif
input\npc\model\N141.nif
input\npc\model\N142.nif
input\npc\model\N143.nif
input\npc\model\N144.nif
input\npc\model\N145.nif
input\npc\model\N146.nif
input\npc\model\N147.nif
input\npc\model\N148.nif
input\npc\model\N149.nif
input\npc\model\N150.nif
input\npc\model\N151.nif
input\npc\model\N152.nif
input\npc\model\N153.nif
input\npc\model\N154.nif
input\npc\model\N155.nif
input\npc\model\N156.nif
input\npc\model\N157.nif
input\npc\model\N158.nif
input\npc\model\N159.nif
input\npc\model\N160.nif
input\npc\model\N161.nif
input\npc\model\N162.nif
input\npc\model\N163.nif
input\npc\model\N164.nif
input\npc\model\N165.nif
input\npc\model\N166.nif
input\npc\model\N167.nif
input\npc\model\N168.nif
input\npc\model\N169.nif
input\npc\model\N170.nif
input\npc\model\N171.nif
input\npc\model\N172.nif
input\npc\model\N173.nif
input\npc\model\N174.nif
input\npc\model\N180.nif
input\npc\model\N181.nif
input\npc\model\N182.nif
input\npc\model\N183.nif
input\npc\model\N184.nif
input\npc\model\N185.nif
input\npc\model\N186.nif
input\npc\model\N187.nif
input\npc\model\N188.nif
input\npc\model\N189.nif
input\npc\model\N190.nif
input\npc\model\N191.nif
input\npc\model\N192.nif
input\npc\model\N193.nif
input\npc\model\N198.nif
input\npc\model\N199.nif
input\npc\model\N200.nif
input\npc\model\N201.nif
input\npc\model\N202.nif
input\npc\model\N203.nif
input\npc\model\N204.nif
input\npc\model\N205.nif
input\npc\model\N206.nif
input\npc\model\N207.nif
input\npc\model\N208.nif
input\npc\model\N209.nif
input\npc\model\N210.nif
input\npc\model\N211.nif
input\npc\model\N212.nif
input\npc\model\N213.nif
input\npc\model\N214.nif
input\npc\model\N215.nif
input\npc\model\N216.nif
input\npc\model\N217.nif
input\npc\model\N218.nif
input\npc\model\N219.nif
input\npc\model\N220.nif
input\npc\model\N221.nif
input\npc\model\N222.nif
input\npc\model\N223.nif
input\npc\model\N224.nif
input\npc\model\N225.nif
input\npc\model\N226.nif
input\npc\model\N227.nif
input\npc\model\N228.nif
input\npc\model\N229.nif
input\npc\model\N230.nif
input\npc\model\N231.nif
input\npc\model\N232.nif
input\npc\model\N233.nif
input\npc\model\N234.nif
input\npc\model\N235.nif
input\npc\model\N236.nif
input\npc\model\N237.nif
input\npc\model\N238.nif
input\npc\model\N239.nif
input\npc\model\N240.nif
input\npc\model\N241.nif
input\npc\model\N242.nif
input\npc\model\N243.nif
input\npc\model\N244.nif
input\npc\model\N245.nif
input\npc\model\N246.nif
input\npc\model\N247.nif
input\npc\model\N248.nif
input\npc\model\N249.nif
input\npc\model\N250.nif
input\npc\model\N601.nif
input\npc\model\N602.nif
input\npc\model\N603.nif
input\npc\model\N604.nif
input\npc\model\N605.nif
input\npc\model\N606.nif
input\npc\model\N607.nif
input\npc\model\N608.nif
input\npc\model\N609.nif
input\npc\model\N610.nif
input\npc\model\N611.nif
input\npc\model\N612.nif
input\npc\model\N613.nif
input\npc\model\N614.nif
input\npc\model\N615.nif
input\npc\model\N616.nif
input\npc\model\N617.nif
input\npc\model\N618.nif
input\npc\model\N619.nif
input\npc\model\N620.nif
input\npc\model\N621.nif
input\npc\model\N622.nif
input\npc\model\N623.nif
input\npc\model\N624.nif
input\npc\model\N625.nif
input\npc\model\N626.nif
input\npc\model\N627.nif
input\npc\model\N628.nif
input\npc\model\N629.nif
input\npc\model\N630.nif
input\npc\model\N631.nif
input\npc\model\N632.nif
input\npc\model\N633.nif
input\npc\model\N634.nif
input\npc\model\N635.nif
input\npc\model\N636.nif
input\npc\model\N637.nif
input\npc\model\N638.nif
input\npc\model\N639.nif
input\npc\model\N640.nif
input\npc\model\N641.nif
input\npc\model\N642.nif
input\npc\model\N643.nif
input\npc\model\N644.nif
input\npc\model\N645.nif
input\npc\model\N646.nif
input\npc\model\N647.nif
input\npc\model\N648.nif
input\npc\model\N649.nif
input\npc\model\N650.nif
input\npc\model\N651.nif
input\npc\model\N652.nif
input\npc\model\N653.nif
input\npc\model\N654.nif
input\npc\model\N655.nif
input\npc\model\N656.nif
input\npc\model\N657.nif
input\npc\model\N658.nif
input\npc\model\N659.nif
input\npc\model\N660.nif
input\npc\model\N661.nif
input\npc\model\N662.nif
input\npc\model\N663.nif
input\npc\model\N670.nif
input\npc\model\N671.nif
input\npc\model\N672.nif
input\npc\model\N673.nif
input\npc\model\N674.nif
input\npc\model\N675.nif
input\npc\model\N676.nif
input\npc\model\N677.nif
input\npc\model\N678.nif
input\npc\model\N679.nif
input\npc\model\N680.nif
input\npc\model\N681.nif
input\npc\model\N682.nif
input\npc\model\N683.nif
input\npc\model\N684.nif
input\npc\model\N685.nif
input\npc\model\N686.nif
input\npc\model\N687.nif
input\npc\model\N688.nif
input\npc\model\N689.nif
input\npc\model\N690.nif
input\npc\model\N691.nif
input\npc\model\N692.nif
input\npc\model\N693.nif
input\npc\model\N694.nif
input\npc\model\N695.nif
input\npc\model\N696.nif
input\npc\model\N697.nif
input\npc\model\N698.nif
input\npc\model\N699.nif
input\npc\model\N700.nif
input\npc\model\N701.nif
input\npc\model\N702.nif
input\npc\model\N703.nif
input\npc\model\N704.nif
input\npc\model\N705.nif
input\npc\model\N706.nif
input\npc\model\N707.nif
input\npc\model\N708.nif
input\npc\model\N709.nif
input\npc\model\N710.nif
input\npc\model\N711.nif
input\npc\model\N712.nif
input\npc\model\N713.nif
input\npc\model\N714.nif
input\npc\model\N715.nif
input\npc\model\N716.nif
input\npc\model\N717.nif
input\npc\model\N718.nif
input\npc\model\N719.nif
input\npc\model\N720.nif
input\npc\model\N721.nif
input\npc\model\N722.nif
input\npc\model\N723.nif
input\npc\model\N724.nif
input\npc\model\N725.nif
input\npc\model\N862.nif
input\npc\model\N901.nif
input\npc\model\N902.nif
input\npc\model\N903.nif
input\npc\model\N904.nif
input\npc\model\N905.nif
input\npc\model\N906.nif
input\npc\model\N907.nif
input\npc\model\N908.nif
input\npc\model\N909.nif
input\npc\model\N910.nif
input\npc\model\N911.nif
input\npc\model\N912.nif
input\npc\model\N913.nif
input\npc\model\N914.nif
input\npc\model\N915.nif
input\npc\model\N916.nif
input\npc\model\N917.nif
input\npc\model\N918.nif
input\npc\model\N919.nif
input\npc\model\N920.nif
input\npc\model\N921.nif
input\npc\model\N922.nif
input\npc\model\N923.nif
input\npc\model\N924.nif
input\npc\model\N925.nif
input\npc\model\N926.nif
input\npc\model\N927.nif
input\npc\model\N928.nif
input\npc\model\N929.nif
input\npc\model\N930.nif
input\npc\model\N931.nif
input\npc\model\N932.nif
input\npc\model\N933.nif
input\ride\model\R001.nif
input\ride\model\R002.nif
input\ride\model\R003.nif
input\ride\model\R004.nif
input\ride\model\R005.nif
input\ride\model\R011.nif
input\ride\model\R012.nif
input\ride\model\R013.nif
input\ride\model\R014.nif
input\ride\model\R015.nif
input\ride\model\R021.nif
input\ride\model\R022.nif
input\ride\model\R023.nif
input\ride\model\R024.nif
input\ride\model\R025.nif
input\ride\model\R031.nif
input\ride\model\R032.nif
input\ride\model\R041.nif
input\ride\model\R042.nif
input\ride\model\R051.nif
input\ride\model\R052.nif
input\ride\model\R061.nif
input\ride\model\R062.nif
input\ride\model\R071.nif
input\ride\model\R072.nif
input\ride\model\R081.nif
input\ride\model\R082.nif
input\ride\model\R091.nif
input\ride\model\R092.nif
input\ride\model\R101.nif
input\ride\model\R102.nif
input\ride\model\R111.nif
input\ride\model\R112.nif
input\ride\model\R113.nif
input\ride\model\R114.nif
input\ride\model\R115.nif
input\ride\model\R116.nif
input\ride\model\R117.nif
input\ride\model\R118.nif
input\ride\model\R121.nif
input\ride\model\R131.nif
input\ride\model\R141.nif
input\ride\model\R142.nif
input\ride\model\R151.nif
input\ride\model\R152.nif
input\ride\model\R161.nif
input\ride\model\R171.nif
input\ride\model\R181.nif
input\ride\model\R191.nif
input\ride\model\R201.nif
input\ride\model\R202.nif
input\ride\model\R211.nif
input\ride\model\R221.nif
input\ride\model\R231.nif
input\ride\model\R241.nif
input\ride\model\R251.nif
input\ride\model\R261.nif
input\ride\model\R271.nif
input\ride\model\R291.nif
input\ride\model\R301.nif
input\ride\model\R311.nif
input\ride\model\R318.nif
input\ride\model\R319.nif
input\ride\model\R321.nif
input\ride\model\R326.nif
input\ride\model\R330.nif
input\ride\model\R331.nif
input\ride\model\R332.nif
input\ride\model\R333.nif
input\ride\model\R334.nif
input\ride\model\R335.nif
input\ride\model\R336.nif
input\ride\model\R337.nif
input\ride\model\R338.nif
input\ride\model\R339.nif
input\ride\model\R340.nif
input\ride\model\R341.nif
input\ride\model\R342.nif
input\ride\model\R343.nif
input\ride\model\R344.nif
input\ride\model\R345.nif
input\ride\model\R346.nif
input\ride\model\R347.nif
input\ride\model\R348.nif
input\ride\model\R349.nif
input\ride\model\R350.nif
input\ride\model\R351.nif
input\ride\model\R354.nif
input\ride\model\R355.nif
input\ride\model\R356.nif
input\ride\model\R357.nif
input\ride\model\R358.nif
input\ride\model\R359.nif
input\ride\model\R360.nif
input\ride\model\R361.nif
input\ride\model\R362.nif
input\ride\model\R363.nif
input\ride\model\R364.nif
input\ride\model\R365.nif
input\ride\model\R366.nif
input\ride\model\R367.nif
input\ride\model\R368.nif
input\ride\model\R369.nif
input\ride\model\R370.nif
input\ride\model\R371.nif
input\ride\model\R372.nif
input\ride\model\R373.nif
input\ride\model\R374.nif
input\ride\model\R375.nif
input\ride\model\R376.nif
input\ride\model\R377.nif
input\ride\model\R378.nif
input\ride\model\R379.nif
input\ride\model\R380.nif
input\ride\model\R381.nif
input\ride\model\R382.nif
input\ride\model\R383.nif
input\ride\model\R384.nif
input\ride\model\R385.nif
input\ride\model\R386.nif
input\ride\model\R389.nif
input\ride\model\R390.nif
input\ride\model\R391.nif
input\ride\model\R392.nif
input\ride\model\R393.nif
input\ride\model\R394.nif
input\ride\model\R395.nif
input\ride\model\R396.nif
input\ride\model\R397.nif
input\ride\model\R398.nif
input\ride\model\R399.nif
input\ride\model\R401.nif
input\ride\model\R402.nif
input\ride\model\R403.nif
input\ride\model\R404.nif
input\ride\model\R405.nif
input\ride\model\R406.nif
input\ride\model\R408.nif
input\ride\model\R409.nif
input\ride\model\R410.nif
input\ride\model\R411.nif
input\ride\model\R412.nif
input\ride\model\R413.nif
input\ride\model\R414.nif
input\ride\model\R415.nif
input\ride\model\R416.nif
input\ride\model\R417.nif
input\ride\model\R418.nif
input\ride\model\R419.nif
input\ride\model\R420.nif
input\ride\model\R421.nif
input\ride\model\R422.nif
input\ride\model\R424.nif
input\ride\model\R425.nif
input\ride\model\R426.nif
input\ride\model\R427.nif
input\ride\model\R428.nif
input\ride\model\R429.nif
input\ride\model\R430.nif
input\ride\model\R431.nif
input\ride\model\R432.nif
input\ride\model\R433.nif
input\ride\model\R434.nif
input\ride\model\R435.nif
input\ride\model\R436.nif
input\ride\model\R437.nif
input\ride\model\R438.nif
input\ride\model\R439.nif
input\ride\model\R440.nif
input\ride\model\R441.nif
input\ride\model\R442.nif
input\ride\model\R443.nif
input\ride\model\R444.nif
input\ride\model\R445.nif
input\ride\model\R446.nif
input\ride\model\R447.nif
input\ride\model\R448.nif
input\ride\model\R449.nif
input\ride\model\R450.nif
input\ride\model\R451.nif
input\ride\model\R452.nif
input\ride\model\R453.nif
input\ride\model\R454.nif
input\ride\model\R455.nif
input\ride\model\R456.nif
input\ride\model\R457.nif
input\ride\model\R458.nif
input\ride\model\R459.nif
input\ride\model\R460.nif
input\ride\model\R461.nif
input\ride\model\R462.nif
input\ride\model\R463.nif
input\ride\model\R464.nif
input\ride\model\R465.nif
input\ride\model\R466.nif
input\ride\model\R467.nif
input\ride\model\R468.nif
input\ride\model\R469.nif
input\ride\model\R470.nif
input\ride\model\R471.nif
input\ride\model\R472.nif
input\ride\model\R473.nif
input\ride\model\R474.nif
input\ride\model\R476.nif
input\ride\model\R477.nif
input\ride\model\R478.nif
input\ride\model\R479.nif
input\ride\model\R480.nif
input\ride\model\R481.nif
input\ride\model\R482.nif
input\ride\model\R483.nif
input\ride\model\R484.nif
input\ride\model\R485.nif
input\ride\model\R486.nif
input\ride\model\R487.nif
input\ride\model\R488.nif
input\ride\model\R490.nif
input\ride\model\R491.nif
input\ride\model\R492.nif
input\ride\model\R493.nif
input\ride\model\R494.nif
input\ride\model\R495.nif
input\ride\model\R496.nif
input\ride\model\R497.nif
input\ride\model\R498.nif
input\ride\model\R499.nif
input\ride\model\R501.nif
input\ride\model\R502.nif
input\ride\model\R503.nif
input\ride\model\R504.nif
input\ride\model\R521.nif
input\ride\model\R531.nif
input\ride\model\R532.nif
input\ride\model\R533.nif
input\ride\model\R541.nif
input\ride\model\R550.nif
input\ride\model\R551.nif
input\ride\model\R552.nif
input\ride\model\R553.nif
input\ride\model\R554.nif
input\ride\model\R555.nif
input\ride\model\R556.nif
input\ride\model\R558.nif
input\ride\model\R559.nif
input\ride\model\R560.nif
input\ride\model\R561.nif
input\ride\model\R601.nif
input\ride\model\R611.nif
input\ride\model\R631.nif
input\ride\model\R641.nif
input\ride\model\R642.nif
input\ride\model\R651.nif
input\ride\model\R661.nif
input\ride\model\R662.nif
input\ride\model\R663.nif
input\ride\model\R670.nif
input\ride\model\R671.nif
input\ride\model\R672.nif
input\ride\model\R673.nif
input\ride\model\R674.nif
input\ride\model\R675.nif
input\ride\model\R676.nif
input\ride\model\R677.nif
input\ride\model\R678.nif
input\ride\model\R679.nif
input\ride\model\R680.nif
input\ride\model\R681.nif
input\ride\model\R682.nif
input\ride\model\R683.nif
input\ride\model\R684.nif
input\ride\model\R685.nif
input\ride\model\R686.nif
input\ride\model\R687.nif
input\ride\model\R688.nif
input\ride\model\R689.nif
input\ride\model\R690.nif
input\ride\model\R691.nif
input\ride\model\R692.nif
input\ride\model\R693.nif
input\ride\model\R694.nif
input\ride\model\R695.nif
input\ride\model\R696.nif
input\ride\model\R697.nif
input\ride\model\R698.nif
input\ride\model\R699.nif
input\ride\model\R700.nif
input\ride\model\R711.nif
input\ride\model\R721.nif
input\ride\model\R731.nif
input\ride\model\R741.nif
input\ride\model\R751.nif
input\ride\model\R761.nif
input\ride\model\R762.nif
input\ride\model\R771.nif
input\ride\model\R772.nif
input\ride\model\R773.nif
input\ride\model\R774.nif
input\ride\model\R781.nif
input\ride\model\R782.nif
input\ride\model\R784.nif
input\ride\model\R785.nif
input\ride\model\R786.nif
input\ride\model\R801.nif
input\ride\model\R802.nif
input\ride\model\R803.nif
input\ride\model\R804.nif
input\ride\model\R805.nif
input\ride\model\R806.nif
input\ride\model\R807.nif
input\ride\model\R808.nif
input\ride\model\R809.nif
input\ride\model\R810.nif
input\ride\model\R811.nif
input\ride\model\R812.nif
input\ride\model\R814.nif
input\ride\model\R815.nif
input\ride\model\R816.nif
input\ride\model\R817.nif
input\ride\model\R818.nif
input\ride\model\R819.nif
input\ride\model\R820.nif
input\ride\model\R821.nif
input\ride\model\R822.nif
input\ride\model\R823.nif
input\ride\model\R824.nif
input\ride\model\R825.nif
input\ride\model\R826.nif
input\ride\model\R827.nif
input\ride\model\R828.nif
input\ride\model\R829.nif
input\ride\model\R830.nif
input\ride\model\R831.nif
input\ride\model\R832.nif
input\ride\model\R833.nif
input\ride\model\R834.nif
input\ride\model\R835.nif
input\ride\model\R836.nif
input\ride\model\R837.nif
input\ride\model\R838.nif
input\ride\model\R839.nif
input\ride\model\R840.nif
input\ride\model\R841.nif
input\ride\model\R842.nif
input\ride\model\R843.nif
input\ride\model\R844.nif
input\ride\model\R845.nif
input\ride\model\R846.nif
input\ride\model\R847.nif
input\ride\model\R848.nif
input\ride\model\R849.nif
input\ride\model\R850.nif
input\ride\model\R851.nif
input\ride\model\R852.nif
input\ride\model\R853.nif
input\ride\model\R854.nif
input\ride\model\R855.nif
input\ride\model\R856.nif
input\ride\model\R857.nif
input\ride\model\R858.nif
input\ride\model\R859.nif
input\ride\model\R860.nif
input\ride\model\R861.nif
input\ride\model\R862.nif
input\ride\model\R863.nif
input\ride\model\R864.nif
input\ride\model\R865.nif
input\ride\model\R866.nif
input\ride\model\R867.nif
input\ride\model\R868.nif
input\ride\model\R869.nif
input\ride\model\R870.nif
input\ride\model\R871.nif
input\ride\model\R872.nif
input\ride\model\R873.nif
input\ride\model\R874.nif
input\ride\model\R875.nif
input\ride\model\R876.nif
input\ride\model\R877.nif
input\ride\model\R878.nif
input\ride\model\R879.nif
input\ride\model\R880.nif
input\ride\model\R881.nif
input\ride\model\R882.nif
input\ride\model\R883.nif
input\ride\model\R884.nif
input\ride\model\R885.nif
input\ride\model\R886.nif
input\ride\model\R887.nif
input\ride\model\R888.nif
input\ride\model\R889.nif
input\ride\model\R890.nif
input\ride\model\R891.nif
input\ride\model\R892.nif
input\ride\model\R893.nif
input\ride\model\R894.nif
input\ride\model\R895.nif
input\ride\model\R896.nif
input\ride\model\R897.nif
input\ride\model\R898.nif
input\ride\model\R899.nif
input\ride\model\R900.nif
input\ride\model\R901.nif
input\ride\model\R902.nif
input\ride\model\R903.nif
input\ride\model\R904.nif
input\ride\model\R905.nif
input\ride\model\R906.nif
input\ride\model\R907.nif
input\ride\model\R908.nif
input\ride\model\R909.nif
input\ride\model\R910.nif
input\ride\model\R911.nif
input\ride\model\R912.nif
input\ride\model\R913.nif
input\ride\model\R914.nif
input\ride\model\R915.nif
input\ride\model\R916.nif
input\ride\model\R917.nif
input\ride\model\R918.nif
input\ride\model\R919.nif
